

================================================================
== Synthesis Summary Report of 'Filter_horizontal_HW'
================================================================
+ General Information: 
    * Date:           Sun Oct 20 19:16:36 2024
    * Version:        2020.2 (Build 3064766 on Wed Nov 18 09:12:47 MST 2020)
    * Project:        hw7
    * Solution:       solution1 (Vitis Kernel Flow Target)
    * Product family: zynquplus
    * Target device:  xczu3eg-sbva484-1-i
    

+ Performance & Resource Estimates: 
    
    PS: '+' for module; 'o' for loop; '*' for dataflow
    +------------------------+--------+-------+---------+-----------+----------+---------+------+----------+---------+---------+-----------+-----------+-----+
    |         Modules        |  Issue |       | Latency |  Latency  | Iteration|         | Trip |          |         |         |           |           |     |
    |         & Loops        |  Type  | Slack | (cycles)|    (ns)   |  Latency | Interval| Count| Pipelined|  BRAM   |   DSP   |     FF    |    LUT    | URAM|
    +------------------------+--------+-------+---------+-----------+----------+---------+------+----------+---------+---------+-----------+-----------+-----+
    |+ Filter_horizontal_HW  |  Timing|   0.00|   189001|  1.260e+06|         -|   189002|     -|        no|  2 (~0%)|  1 (~0%)|  1957 (1%)|  2716 (3%)|    -|
    | o VITIS_LOOP_53_2      |       -|  -4.87|   189000|  1.260e+06|       700|        -|   270|        no|        -|        -|          -|          -|    -|
    |  o VITIS_LOOP_55_3     |       -|  -4.87|        8|     53.336|         3|        1|     6|       yes|        -|        -|          -|          -|    -|
    |  o VITIS_LOOP_60_4     |       -|  -4.87|      617|  4.114e+03|       145|        1|   474|       yes|        -|        -|          -|          -|    -|
    +------------------------+--------+-------+---------+-----------+----------+---------+------+----------+---------+---------+-----------+-----------+-----+

