

================================================================
== Vitis HLS Report for 'read3'
================================================================
* Date:           Thu Oct 17 03:36:18 2024

* Version:        2020.2 (Build 3064766 on Wed Nov 18 09:12:47 MST 2020)
* Project:        mmult_fpga
* Solution:       solution (Vitis Kernel Flow Target)
* Product family: zynquplus
* Target device:  xczu3eg-sbva484-1-i


================================================================
== Performance Estimates
================================================================
+ Timing: 
    * Summary: 
    +--------+---------+----------+------------+
    |  Clock |  Target | Estimated| Uncertainty|
    +--------+---------+----------+------------+
    |ap_clk  |  6.67 ns|  4.867 ns|     1.80 ns|
    +--------+---------+----------+------------+

+ Latency: 
    * Summary: 
    +---------+---------+----------+----------+--------+--------+---------+
    |  Latency (cycles) |  Latency (absolute) |     Interval    | Pipeline|
    |   min   |   max   |    min   |    max   |   min  |   max  |   Type  |
    +---------+---------+----------+----------+--------+--------+---------+
    |   133192|   133192|  0.888 ms|  0.888 ms|  133192|  133192|     none|
    +---------+---------+----------+----------+--------+--------+---------+

    + Detail: 
        * Instance: 
        N/A

        * Loop: 
        +-------------------+---------+---------+----------+-----------+-----------+--------+----------+
        |                   |  Latency (cycles) | Iteration|  Initiation Interval  |  Trip  |          |
        |     Loop Name     |   min   |   max   |  Latency |  achieved |   target  |  Count | Pipelined|
        +-------------------+---------+---------+----------+-----------+-----------+--------+----------+
        |- VITIS_LOOP_49_1  |   133121|   133121|         3|          1|          1|  133120|       yes|
        +-------------------+---------+---------+----------+-----------+-----------+--------+----------+



================================================================
== Utilization Estimates
================================================================
* Summary: 
+-----------------+---------+-----+--------+-------+-----+
|       Name      | BRAM_18K| DSP |   FF   |  LUT  | URAM|
+-----------------+---------+-----+--------+-------+-----+
|DSP              |        -|    -|       -|      -|    -|
|Expression       |        -|    -|       0|     75|    -|
|FIFO             |        -|    -|       -|      -|    -|
|Instance         |        -|    -|       -|      -|    -|
|Memory           |        -|    -|       -|      -|    -|
|Multiplexer      |        -|    -|       -|    550|    -|
|Register         |        -|    -|    2115|      -|    -|
+-----------------+---------+-----+--------+-------+-----+
|Total            |        0|    0|    2115|    625|    0|
+-----------------+---------+-----+--------+-------+-----+
|Available        |      432|  360|  141120|  70560|    0|
+-----------------+---------+-----+--------+-------+-----+
|Utilization (%)  |        0|    0|       1|     ~0|    0|
+-----------------+---------+-----+--------+-------+-----+

+ Detail: 
    * Instance: 
    N/A

    * DSP: 
    N/A

    * Memory: 
    N/A

    * FIFO: 
    N/A

    * Expression: 
    +-----------------------------------+----------+----+---+----+------------+------------+
    |           Variable Name           | Operation| DSP| FF| LUT| Bitwidth P0| Bitwidth P1|
    +-----------------------------------+----------+----+---+----+------------+------------+
    |add_ln49_fu_251_p2                 |         +|   0|  0|  25|          18|           1|
    |ap_ext_blocking_cur_n              |       and|   0|  0|   2|           1|           1|
    |ap_ext_blocking_n                  |       and|   0|  0|   2|           1|           2|
    |ap_int_blocking_cur_n              |       and|   0|  0|   2|           1|           1|
    |ap_int_blocking_n                  |       and|   0|  0|   2|           1|           2|
    |ap_predicate_op254_read_state72    |       and|   0|  0|   2|           1|           1|
    |ap_predicate_op261_write_state73   |       and|   0|  0|   2|           1|           1|
    |ap_predicate_op263_write_state73   |       and|   0|  0|   2|           1|           1|
    |ap_str_blocking_n                  |       and|   0|  0|   2|           2|           2|
    |icmp_ln174_fu_267_p2               |      icmp|   0|  0|   9|           4|           1|
    |icmp_ln49_fu_257_p2                |      icmp|   0|  0|  13|          18|          18|
    |ap_block_pp0_stage0_01001          |        or|   0|  0|   2|           1|           1|
    |ap_block_state1                    |        or|   0|  0|   2|           1|           1|
    |ap_block_state1_io                 |        or|   0|  0|   2|           1|           1|
    |ap_block_state72_pp0_stage0_iter1  |        or|   0|  0|   2|           1|           1|
    |ap_block_state73_pp0_stage0_iter2  |        or|   0|  0|   2|           1|           1|
    |ap_enable_pp0                      |       xor|   0|  0|   2|           1|           2|
    +-----------------------------------+----------+----+---+----+------------+------------+
    |Total                              |          |   0|  0|  75|          55|          38|
    +-----------------------------------+----------+----+---+----+------------+------------+

    * Multiplexer: 
    +-----------------------------------+-----+-----------+-----+-----------+
    |                Name               | LUT | Input Size| Bits| Total Bits|
    +-----------------------------------+-----+-----------+-----+-----------+
    |A_tmp3_blk_n                       |    9|          2|    1|          2|
    |A_tmp3_din                         |   14|          3|   32|         96|
    |B_tmp4_blk_n                       |    9|          2|    1|          2|
    |C_out_blk_n                        |    9|          2|    1|          2|
    |ap_NS_fsm                          |  377|         73|    1|         73|
    |ap_done                            |    9|          2|    1|          2|
    |ap_enable_reg_pp0_iter1            |    9|          2|    1|          2|
    |ap_enable_reg_pp0_iter2            |   14|          3|    1|          3|
    |ap_phi_mux_empty_37_phi_fu_203_p4  |   14|          3|  512|       1536|
    |ap_phi_mux_p_in_i_i_phi_fu_194_p4  |   14|          3|  512|       1536|
    |b0_blk_n_AR                        |    9|          2|    1|          2|
    |b0_blk_n_R                         |    9|          2|    1|          2|
    |b1_blk_n_AR                        |    9|          2|    1|          2|
    |b1_blk_n_R                         |    9|          2|    1|          2|
    |c_reg_156                          |    9|          2|   18|         36|
    |real_start                         |    9|          2|    1|          2|
    |shiftreg2_i_i_reg_179              |    9|          2|  480|        960|
    |shiftreg_i_i_reg_167               |    9|          2|  480|        960|
    +-----------------------------------+-----+-----------+-----+-----------+
    |Total                              |  550|        111| 2046|       5220|
    +-----------------------------------+-----+-----------+-----+-----------+

    * Register: 
    +----------------------------------+-----+----+-----+-----------+
    |               Name               |  FF | LUT| Bits| Const Bits|
    +----------------------------------+-----+----+-----+-----------+
    |ap_CS_fsm                         |   72|   0|   72|          0|
    |ap_done_reg                       |    1|   0|    1|          0|
    |ap_enable_reg_pp0_iter0           |    1|   0|    1|          0|
    |ap_enable_reg_pp0_iter1           |    1|   0|    1|          0|
    |ap_enable_reg_pp0_iter2           |    1|   0|    1|          0|
    |b0_addr_read_reg_342              |  512|   0|  512|          0|
    |b1_addr_read_reg_352              |  512|   0|  512|          0|
    |c_reg_156                         |   18|   0|   18|          0|
    |icmp_ln174_reg_338                |    1|   0|    1|          0|
    |icmp_ln174_reg_338_pp0_iter1_reg  |    1|   0|    1|          0|
    |icmp_ln49_reg_334                 |    1|   0|    1|          0|
    |icmp_ln49_reg_334_pp0_iter1_reg   |    1|   0|    1|          0|
    |shiftreg2_i_i_reg_179             |  480|   0|  480|          0|
    |shiftreg_i_i_reg_167              |  480|   0|  480|          0|
    |start_once_reg                    |    1|   0|    1|          0|
    |trunc_ln174_reg_347               |   32|   0|   32|          0|
    +----------------------------------+-----+----+-----+-----------+
    |Total                             | 2115|   0| 2115|          0|
    +----------------------------------+-----+----+-----+-----------+



================================================================
== Interface
================================================================
* Summary: 
+-------------------+-----+-----+------------+--------------+--------------+
|     RTL Ports     | Dir | Bits|  Protocol  | Source Object|    C Type    |
+-------------------+-----+-----+------------+--------------+--------------+
|ap_clk             |   in|    1|  ap_ctrl_hs|         read3|  return value|
|ap_rst             |   in|    1|  ap_ctrl_hs|         read3|  return value|
|ap_start           |   in|    1|  ap_ctrl_hs|         read3|  return value|
|start_full_n       |   in|    1|  ap_ctrl_hs|         read3|  return value|
|ap_done            |  out|    1|  ap_ctrl_hs|         read3|  return value|
|ap_continue        |   in|    1|  ap_ctrl_hs|         read3|  return value|
|ap_idle            |  out|    1|  ap_ctrl_hs|         read3|  return value|
|ap_ready           |  out|    1|  ap_ctrl_hs|         read3|  return value|
|start_out          |  out|    1|  ap_ctrl_hs|         read3|  return value|
|start_write        |  out|    1|  ap_ctrl_hs|         read3|  return value|
|ap_ext_blocking_n  |  out|    1|  ap_ctrl_hs|         read3|  return value|
|ap_str_blocking_n  |  out|    1|  ap_ctrl_hs|         read3|  return value|
|ap_int_blocking_n  |  out|    1|  ap_ctrl_hs|         read3|  return value|
|m_axi_b0_AWVALID   |  out|    1|       m_axi|            b0|       pointer|
|m_axi_b0_AWREADY   |   in|    1|       m_axi|            b0|       pointer|
|m_axi_b0_AWADDR    |  out|   64|       m_axi|            b0|       pointer|
|m_axi_b0_AWID      |  out|    1|       m_axi|            b0|       pointer|
|m_axi_b0_AWLEN     |  out|   32|       m_axi|            b0|       pointer|
|m_axi_b0_AWSIZE    |  out|    3|       m_axi|            b0|       pointer|
|m_axi_b0_AWBURST   |  out|    2|       m_axi|            b0|       pointer|
|m_axi_b0_AWLOCK    |  out|    2|       m_axi|            b0|       pointer|
|m_axi_b0_AWCACHE   |  out|    4|       m_axi|            b0|       pointer|
|m_axi_b0_AWPROT    |  out|    3|       m_axi|            b0|       pointer|
|m_axi_b0_AWQOS     |  out|    4|       m_axi|            b0|       pointer|
|m_axi_b0_AWREGION  |  out|    4|       m_axi|            b0|       pointer|
|m_axi_b0_AWUSER    |  out|    1|       m_axi|            b0|       pointer|
|m_axi_b0_WVALID    |  out|    1|       m_axi|            b0|       pointer|
|m_axi_b0_WREADY    |   in|    1|       m_axi|            b0|       pointer|
|m_axi_b0_WDATA     |  out|  512|       m_axi|            b0|       pointer|
|m_axi_b0_WSTRB     |  out|   64|       m_axi|            b0|       pointer|
|m_axi_b0_WLAST     |  out|    1|       m_axi|            b0|       pointer|
|m_axi_b0_WID       |  out|    1|       m_axi|            b0|       pointer|
|m_axi_b0_WUSER     |  out|    1|       m_axi|            b0|       pointer|
|m_axi_b0_ARVALID   |  out|    1|       m_axi|            b0|       pointer|
|m_axi_b0_ARREADY   |   in|    1|       m_axi|            b0|       pointer|
|m_axi_b0_ARADDR    |  out|   64|       m_axi|            b0|       pointer|
|m_axi_b0_ARID      |  out|    1|       m_axi|            b0|       pointer|
|m_axi_b0_ARLEN     |  out|   32|       m_axi|            b0|       pointer|
|m_axi_b0_ARSIZE    |  out|    3|       m_axi|            b0|       pointer|
|m_axi_b0_ARBURST   |  out|    2|       m_axi|            b0|       pointer|
|m_axi_b0_ARLOCK    |  out|    2|       m_axi|            b0|       pointer|
|m_axi_b0_ARCACHE   |  out|    4|       m_axi|            b0|       pointer|
|m_axi_b0_ARPROT    |  out|    3|       m_axi|            b0|       pointer|
|m_axi_b0_ARQOS     |  out|    4|       m_axi|            b0|       pointer|
|m_axi_b0_ARREGION  |  out|    4|       m_axi|            b0|       pointer|
|m_axi_b0_ARUSER    |  out|    1|       m_axi|            b0|       pointer|
|m_axi_b0_RVALID    |   in|    1|       m_axi|            b0|       pointer|
|m_axi_b0_RREADY    |  out|    1|       m_axi|            b0|       pointer|
|m_axi_b0_RDATA     |   in|  512|       m_axi|            b0|       pointer|
|m_axi_b0_RLAST     |   in|    1|       m_axi|            b0|       pointer|
|m_axi_b0_RID       |   in|    1|       m_axi|            b0|       pointer|
|m_axi_b0_RUSER     |   in|    1|       m_axi|            b0|       pointer|
|m_axi_b0_RRESP     |   in|    2|       m_axi|            b0|       pointer|
|m_axi_b0_BVALID    |   in|    1|       m_axi|            b0|       pointer|
|m_axi_b0_BREADY    |  out|    1|       m_axi|            b0|       pointer|
|m_axi_b0_BRESP     |   in|    2|       m_axi|            b0|       pointer|
|m_axi_b0_BID       |   in|    1|       m_axi|            b0|       pointer|
|m_axi_b0_BUSER     |   in|    1|       m_axi|            b0|       pointer|
|m_axi_b1_AWVALID   |  out|    1|       m_axi|            b1|       pointer|
|m_axi_b1_AWREADY   |   in|    1|       m_axi|            b1|       pointer|
|m_axi_b1_AWADDR    |  out|   64|       m_axi|            b1|       pointer|
|m_axi_b1_AWID      |  out|    1|       m_axi|            b1|       pointer|
|m_axi_b1_AWLEN     |  out|   32|       m_axi|            b1|       pointer|
|m_axi_b1_AWSIZE    |  out|    3|       m_axi|            b1|       pointer|
|m_axi_b1_AWBURST   |  out|    2|       m_axi|            b1|       pointer|
|m_axi_b1_AWLOCK    |  out|    2|       m_axi|            b1|       pointer|
|m_axi_b1_AWCACHE   |  out|    4|       m_axi|            b1|       pointer|
|m_axi_b1_AWPROT    |  out|    3|       m_axi|            b1|       pointer|
|m_axi_b1_AWQOS     |  out|    4|       m_axi|            b1|       pointer|
|m_axi_b1_AWREGION  |  out|    4|       m_axi|            b1|       pointer|
|m_axi_b1_AWUSER    |  out|    1|       m_axi|            b1|       pointer|
|m_axi_b1_WVALID    |  out|    1|       m_axi|            b1|       pointer|
|m_axi_b1_WREADY    |   in|    1|       m_axi|            b1|       pointer|
|m_axi_b1_WDATA     |  out|  512|       m_axi|            b1|       pointer|
|m_axi_b1_WSTRB     |  out|   64|       m_axi|            b1|       pointer|
|m_axi_b1_WLAST     |  out|    1|       m_axi|            b1|       pointer|
|m_axi_b1_WID       |  out|    1|       m_axi|            b1|       pointer|
|m_axi_b1_WUSER     |  out|    1|       m_axi|            b1|       pointer|
|m_axi_b1_ARVALID   |  out|    1|       m_axi|            b1|       pointer|
|m_axi_b1_ARREADY   |   in|    1|       m_axi|            b1|       pointer|
|m_axi_b1_ARADDR    |  out|   64|       m_axi|            b1|       pointer|
|m_axi_b1_ARID      |  out|    1|       m_axi|            b1|       pointer|
|m_axi_b1_ARLEN     |  out|   32|       m_axi|            b1|       pointer|
|m_axi_b1_ARSIZE    |  out|    3|       m_axi|            b1|       pointer|
|m_axi_b1_ARBURST   |  out|    2|       m_axi|            b1|       pointer|
|m_axi_b1_ARLOCK    |  out|    2|       m_axi|            b1|       pointer|
|m_axi_b1_ARCACHE   |  out|    4|       m_axi|            b1|       pointer|
|m_axi_b1_ARPROT    |  out|    3|       m_axi|            b1|       pointer|
|m_axi_b1_ARQOS     |  out|    4|       m_axi|            b1|       pointer|
|m_axi_b1_ARREGION  |  out|    4|       m_axi|            b1|       pointer|
|m_axi_b1_ARUSER    |  out|    1|       m_axi|            b1|       pointer|
|m_axi_b1_RVALID    |   in|    1|       m_axi|            b1|       pointer|
|m_axi_b1_RREADY    |  out|    1|       m_axi|            b1|       pointer|
|m_axi_b1_RDATA     |   in|  512|       m_axi|            b1|       pointer|
|m_axi_b1_RLAST     |   in|    1|       m_axi|            b1|       pointer|
|m_axi_b1_RID       |   in|    1|       m_axi|            b1|       pointer|
|m_axi_b1_RUSER     |   in|    1|       m_axi|            b1|       pointer|
|m_axi_b1_RRESP     |   in|    2|       m_axi|            b1|       pointer|
|m_axi_b1_BVALID    |   in|    1|       m_axi|            b1|       pointer|
|m_axi_b1_BREADY    |  out|    1|       m_axi|            b1|       pointer|
|m_axi_b1_BRESP     |   in|    2|       m_axi|            b1|       pointer|
|m_axi_b1_BID       |   in|    1|       m_axi|            b1|       pointer|
|m_axi_b1_BUSER     |   in|    1|       m_axi|            b1|       pointer|
|A_tmp3_din         |  out|   32|     ap_fifo|        A_tmp3|       pointer|
|A_tmp3_full_n      |   in|    1|     ap_fifo|        A_tmp3|       pointer|
|A_tmp3_write       |  out|    1|     ap_fifo|        A_tmp3|       pointer|
|B_tmp4_din         |  out|   32|     ap_fifo|        B_tmp4|       pointer|
|B_tmp4_full_n      |   in|    1|     ap_fifo|        B_tmp4|       pointer|
|B_tmp4_write       |  out|    1|     ap_fifo|        B_tmp4|       pointer|
|A                  |   in|   64|     ap_none|             A|        scalar|
|B                  |   in|   64|     ap_none|             B|        scalar|
|C                  |   in|   64|     ap_none|             C|        scalar|
|C_out_din          |  out|   64|     ap_fifo|         C_out|       pointer|
|C_out_full_n       |   in|    1|     ap_fifo|         C_out|       pointer|
|C_out_write        |  out|    1|     ap_fifo|         C_out|       pointer|
+-------------------+-----+-----+------------+--------------+--------------+

