

================================================================
== Vitis HLS Report for 'Block_split1_proc9'
================================================================
* Date:           Thu Nov 21 15:11:46 2024

* Version:        2020.2 (Build 3064766 on Wed Nov 18 09:12:47 MST 2020)
* Project:        final_project
* Solution:       solution1 (Vitis Kernel Flow Target)
* Product family: zynquplus
* Target device:  xczu3eg-sbva484-1-i


================================================================
== Performance Estimates
================================================================
+ Timing: 
    * Summary: 
    +--------+----------+----------+------------+
    |  Clock |  Target  | Estimated| Uncertainty|
    +--------+----------+----------+------------+
    |ap_clk  |  10.00 ns|  7.300 ns|     2.70 ns|
    +--------+----------+----------+------------+

+ Latency: 
    * Summary: 
    +---------+---------+----------+----------+-----+-----+---------+
    |  Latency (cycles) |  Latency (absolute) |  Interval | Pipeline|
    |   min   |   max   |    min   |    max   | min | max |   Type  |
    +---------+---------+----------+----------+-----+-----+---------+
    |       71|       71|  0.710 us|  0.710 us|   71|   71|     none|
    +---------+---------+----------+----------+-----+-----+---------+

    + Detail: 
        * Instance: 
        N/A

        * Loop: 
        N/A



================================================================
== Utilization Estimates
================================================================
* Summary: 
+-----------------+---------+-----+--------+-------+-----+
|       Name      | BRAM_18K| DSP |   FF   |  LUT  | URAM|
+-----------------+---------+-----+--------+-------+-----+
|DSP              |        -|    -|       -|      -|    -|
|Expression       |        -|    -|       0|      4|    -|
|FIFO             |        -|    -|       -|      -|    -|
|Instance         |        -|    -|       -|      -|    -|
|Memory           |        -|    -|       -|      -|    -|
|Multiplexer      |        -|    -|       -|    449|    -|
|Register         |        -|    -|     106|      -|    -|
+-----------------+---------+-----+--------+-------+-----+
|Total            |        0|    0|     106|    453|    0|
+-----------------+---------+-----+--------+-------+-----+
|Available        |      432|  360|  141120|  70560|    0|
+-----------------+---------+-----+--------+-------+-----+
|Utilization (%)  |        0|    0|      ~0|     ~0|    0|
+-----------------+---------+-----+--------+-------+-----+

+ Detail: 
    * Instance: 
    N/A

    * DSP: 
    N/A

    * Memory: 
    N/A

    * FIFO: 
    N/A

    * Expression: 
    +------------------+----------+----+---+----+------------+------------+
    |   Variable Name  | Operation| DSP| FF| LUT| Bitwidth P0| Bitwidth P1|
    +------------------+----------+----+---+----+------------+------------+
    |ap_block_state1   |        or|   0|  0|   2|           1|           1|
    |ap_block_state72  |        or|   0|  0|   2|           1|           1|
    +------------------+----------+----+---+----+------------+------------+
    |Total             |          |   0|  0|   4|           2|           2|
    +------------------+----------+----+---+----+------------+------------+

    * Multiplexer: 
    +---------------------------+-----+-----------+-----+-----------+
    |            Name           | LUT | Input Size| Bits| Total Bits|
    +---------------------------+-----+-----------+-----+-----------+
    |ap_NS_fsm                  |  377|         73|    1|         73|
    |ap_done                    |    9|          2|    1|          2|
    |compressed_data_out_blk_n  |    9|          2|    1|          2|
    |compressed_size_out_blk_n  |    9|          2|    1|          2|
    |gmem_blk_n_AR              |    9|          2|    1|          2|
    |gmem_blk_n_R               |    9|          2|    1|          2|
    |gmem_load_out_out_blk_n    |    9|          2|    1|          2|
    |in_out_blk_n               |    9|          2|    1|          2|
    |real_start                 |    9|          2|    1|          2|
    +---------------------------+-----+-----------+-----+-----------+
    |Total                      |  449|         89|    9|         89|
    +---------------------------+-----+-----------+-----+-----------+

    * Register: 
    +------------------------+----+----+-----+-----------+
    |          Name          | FF | LUT| Bits| Const Bits|
    +------------------------+----+----+-----+-----------+
    |ap_CS_fsm               |  72|   0|   72|          0|
    |ap_done_reg             |   1|   0|    1|          0|
    |gmem_addr_read_reg_164  |  32|   0|   32|          0|
    |start_once_reg          |   1|   0|    1|          0|
    +------------------------+----+----+-----+-----------+
    |Total                   | 106|   0|  106|          0|
    +------------------------+----+----+-----+-----------+



================================================================
== Interface
================================================================
* Summary: 
+----------------------------+-----+-----+------------+---------------------+--------------+
|          RTL Ports         | Dir | Bits|  Protocol  |    Source Object    |    C Type    |
+----------------------------+-----+-----+------------+---------------------+--------------+
|ap_clk                      |   in|    1|  ap_ctrl_hs|  Block_.split1_proc9|  return value|
|ap_rst                      |   in|    1|  ap_ctrl_hs|  Block_.split1_proc9|  return value|
|ap_start                    |   in|    1|  ap_ctrl_hs|  Block_.split1_proc9|  return value|
|start_full_n                |   in|    1|  ap_ctrl_hs|  Block_.split1_proc9|  return value|
|ap_done                     |  out|    1|  ap_ctrl_hs|  Block_.split1_proc9|  return value|
|ap_continue                 |   in|    1|  ap_ctrl_hs|  Block_.split1_proc9|  return value|
|ap_idle                     |  out|    1|  ap_ctrl_hs|  Block_.split1_proc9|  return value|
|ap_ready                    |  out|    1|  ap_ctrl_hs|  Block_.split1_proc9|  return value|
|start_out                   |  out|    1|  ap_ctrl_hs|  Block_.split1_proc9|  return value|
|start_write                 |  out|    1|  ap_ctrl_hs|  Block_.split1_proc9|  return value|
|chunk_size                  |   in|   64|     ap_none|           chunk_size|        scalar|
|m_axi_gmem_AWVALID          |  out|    1|       m_axi|                 gmem|       pointer|
|m_axi_gmem_AWREADY          |   in|    1|       m_axi|                 gmem|       pointer|
|m_axi_gmem_AWADDR           |  out|   64|       m_axi|                 gmem|       pointer|
|m_axi_gmem_AWID             |  out|    1|       m_axi|                 gmem|       pointer|
|m_axi_gmem_AWLEN            |  out|   32|       m_axi|                 gmem|       pointer|
|m_axi_gmem_AWSIZE           |  out|    3|       m_axi|                 gmem|       pointer|
|m_axi_gmem_AWBURST          |  out|    2|       m_axi|                 gmem|       pointer|
|m_axi_gmem_AWLOCK           |  out|    2|       m_axi|                 gmem|       pointer|
|m_axi_gmem_AWCACHE          |  out|    4|       m_axi|                 gmem|       pointer|
|m_axi_gmem_AWPROT           |  out|    3|       m_axi|                 gmem|       pointer|
|m_axi_gmem_AWQOS            |  out|    4|       m_axi|                 gmem|       pointer|
|m_axi_gmem_AWREGION         |  out|    4|       m_axi|                 gmem|       pointer|
|m_axi_gmem_AWUSER           |  out|    1|       m_axi|                 gmem|       pointer|
|m_axi_gmem_WVALID           |  out|    1|       m_axi|                 gmem|       pointer|
|m_axi_gmem_WREADY           |   in|    1|       m_axi|                 gmem|       pointer|
|m_axi_gmem_WDATA            |  out|   32|       m_axi|                 gmem|       pointer|
|m_axi_gmem_WSTRB            |  out|    4|       m_axi|                 gmem|       pointer|
|m_axi_gmem_WLAST            |  out|    1|       m_axi|                 gmem|       pointer|
|m_axi_gmem_WID              |  out|    1|       m_axi|                 gmem|       pointer|
|m_axi_gmem_WUSER            |  out|    1|       m_axi|                 gmem|       pointer|
|m_axi_gmem_ARVALID          |  out|    1|       m_axi|                 gmem|       pointer|
|m_axi_gmem_ARREADY          |   in|    1|       m_axi|                 gmem|       pointer|
|m_axi_gmem_ARADDR           |  out|   64|       m_axi|                 gmem|       pointer|
|m_axi_gmem_ARID             |  out|    1|       m_axi|                 gmem|       pointer|
|m_axi_gmem_ARLEN            |  out|   32|       m_axi|                 gmem|       pointer|
|m_axi_gmem_ARSIZE           |  out|    3|       m_axi|                 gmem|       pointer|
|m_axi_gmem_ARBURST          |  out|    2|       m_axi|                 gmem|       pointer|
|m_axi_gmem_ARLOCK           |  out|    2|       m_axi|                 gmem|       pointer|
|m_axi_gmem_ARCACHE          |  out|    4|       m_axi|                 gmem|       pointer|
|m_axi_gmem_ARPROT           |  out|    3|       m_axi|                 gmem|       pointer|
|m_axi_gmem_ARQOS            |  out|    4|       m_axi|                 gmem|       pointer|
|m_axi_gmem_ARREGION         |  out|    4|       m_axi|                 gmem|       pointer|
|m_axi_gmem_ARUSER           |  out|    1|       m_axi|                 gmem|       pointer|
|m_axi_gmem_RVALID           |   in|    1|       m_axi|                 gmem|       pointer|
|m_axi_gmem_RREADY           |  out|    1|       m_axi|                 gmem|       pointer|
|m_axi_gmem_RDATA            |   in|   32|       m_axi|                 gmem|       pointer|
|m_axi_gmem_RLAST            |   in|    1|       m_axi|                 gmem|       pointer|
|m_axi_gmem_RID              |   in|    1|       m_axi|                 gmem|       pointer|
|m_axi_gmem_RUSER            |   in|    1|       m_axi|                 gmem|       pointer|
|m_axi_gmem_RRESP            |   in|    2|       m_axi|                 gmem|       pointer|
|m_axi_gmem_BVALID           |   in|    1|       m_axi|                 gmem|       pointer|
|m_axi_gmem_BREADY           |  out|    1|       m_axi|                 gmem|       pointer|
|m_axi_gmem_BRESP            |   in|    2|       m_axi|                 gmem|       pointer|
|m_axi_gmem_BID              |   in|    1|       m_axi|                 gmem|       pointer|
|m_axi_gmem_BUSER            |   in|    1|       m_axi|                 gmem|       pointer|
|in_r                        |   in|   64|     ap_none|                 in_r|        scalar|
|compressed_data             |   in|   64|     ap_none|      compressed_data|        scalar|
|compressed_size             |   in|   64|     ap_none|      compressed_size|        scalar|
|gmem_load_out_out_din       |  out|   32|     ap_fifo|    gmem_load_out_out|       pointer|
|gmem_load_out_out_full_n    |   in|    1|     ap_fifo|    gmem_load_out_out|       pointer|
|gmem_load_out_out_write     |  out|    1|     ap_fifo|    gmem_load_out_out|       pointer|
|in_out_din                  |  out|   64|     ap_fifo|               in_out|       pointer|
|in_out_full_n               |   in|    1|     ap_fifo|               in_out|       pointer|
|in_out_write                |  out|    1|     ap_fifo|               in_out|       pointer|
|compressed_data_out_din     |  out|   64|     ap_fifo|  compressed_data_out|       pointer|
|compressed_data_out_full_n  |   in|    1|     ap_fifo|  compressed_data_out|       pointer|
|compressed_data_out_write   |  out|    1|     ap_fifo|  compressed_data_out|       pointer|
|compressed_size_out_din     |  out|   64|     ap_fifo|  compressed_size_out|       pointer|
|compressed_size_out_full_n  |   in|    1|     ap_fifo|  compressed_size_out|       pointer|
|compressed_size_out_write   |  out|    1|     ap_fifo|  compressed_size_out|       pointer|
+----------------------------+-----+-----+------------+---------------------+--------------+

