

================================================================
== Synthesis Summary Report of 'lzw'
================================================================
+ General Information: 
    * Date:           Thu Nov 21 15:11:48 2024
    * Version:        2020.2 (Build 3064766 on Wed Nov 18 09:12:47 MST 2020)
    * Project:        final_project
    * Solution:       solution1 (Vitis Kernel Flow Target)
    * Product family: zynquplus
    * Target device:  xczu3eg-sbva484-1-i
    

+ Performance & Resource Estimates: 
    
    PS: '+' for module; 'o' for loop; '*' for dataflow
    +-----------------------------------+--------+-------+---------+-----------+----------+---------+-------+----------+----------+----+-----------+------------+-----+
    |              Modules              |  Issue |       | Latency |  Latency  | Iteration|         |  Trip |          |          |    |           |            |     |
    |              & Loops              |  Type  | Slack | (cycles)|    (ns)   |  Latency | Interval| Count | Pipelined|   BRAM   | DSP|     FF    |     LUT    | URAM|
    +-----------------------------------+--------+-------+---------+-----------+----------+---------+-------+----------+----------+----+-----------+------------+-----+
    |+ lzw*                             |  Timing|   0.00|        -|          -|         -|        -|      -|  dataflow|  79 (18%)|   -|  4910 (3%)|  8660 (12%)|    -|
    | + grp_compress_stream_fu_174      |       -|  -1.45|        -|          -|         -|        -|      -|        no|  68 (15%)|   -|  895 (~0%)|   2809 (3%)|    -|
    |  + grp_lookup_and_insert_fu_280   |       -|  -1.45|        -|          -|         -|        -|      -|        no|         -|   -|  629 (~0%)|   2084 (2%)|    -|
    |   o VITIS_LOOP_12_1               |       -|  -7.30|       20|    200.000|         1|        1|     20|       yes|         -|   -|          -|           -|    -|
    |   o VITIS_LOOP_99_1               |       -|  -7.30|        -|          -|         1|        1|      -|       yes|         -|   -|          -|           -|    -|
    |   o VITIS_LOOP_12_1               |       -|  -7.30|       20|    200.000|         1|        1|     20|       yes|         -|   -|          -|           -|    -|
    |  o Loop 1                         |       -|  -7.30|    32768|  3.277e+05|         1|        1|  32768|       yes|         -|   -|          -|           -|    -|
    |  o VITIS_LOOP_58_1                |       -|  -7.30|       32|    320.000|         1|        1|     32|       yes|         -|   -|          -|           -|    -|
    |  o VITIS_LOOP_64_2                |       -|  -7.30|       64|    640.000|         1|        1|     64|       yes|         -|   -|          -|           -|    -|
    |  o VITIS_LOOP_179_1               |       -|  -7.30|        -|          -|         2|        -|      -|        no|         -|   -|          -|           -|    -|
    | + grp_write_output_stream_fu_181  |       -|  -2.70|        -|          -|         -|        -|      -|        no|         -|   -|  240 (~0%)|    709 (1%)|    -|
    |  o VITIS_LOOP_208_1               |       -|  -7.30|        -|          -|         -|        -|      -|        no|         -|   -|          -|           -|    -|
    |   o VITIS_LOOP_214_2              |       -|  -7.30|        -|          -|         2|        1|      -|       yes|         -|   -|          -|           -|    -|
    | + grp_store_result_fu_188         |  Timing|   0.00|        -|          -|         -|        -|      -|        no|         -|   -|  377 (~0%)|    963 (1%)|    -|
    |  o VITIS_LOOP_239_1               |       -|  -7.30|        -|          -|         3|        1|      -|       yes|         -|   -|          -|           -|    -|
    | + grp_Block_split1_proc9_fu_200   |  Timing|   0.00|       71|    710.000|         -|       71|      -|        no|         -|   -|  106 (~0%)|   453 (~0%)|    -|
    | + grp_load_input_fu_214           |  Timing|   0.00|        -|          -|         -|        -|      -|        no|         -|   -|  216 (~0%)|   579 (~0%)|    -|
    |  o VITIS_LOOP_133_1               |       -|  -7.30|        -|          -|         3|        1|      -|       yes|         -|   -|          -|           -|    -|
    +-----------------------------------+--------+-------+---------+-----------+----------+---------+-------+----------+----------+----+-----------+------------+-----+

