

================================================================
== Vitis HLS Report for 'lookup_and_insert'
================================================================
* Date:           Thu Nov 21 15:11:46 2024

* Version:        2020.2 (Build 3064766 on Wed Nov 18 09:12:47 MST 2020)
* Project:        final_project
* Solution:       solution1 (Vitis Kernel Flow Target)
* Product family: zynquplus
* Target device:  xczu3eg-sbva484-1-i


================================================================
== Performance Estimates
================================================================
+ Timing: 
    * Summary: 
    +--------+----------+----------+------------+
    |  Clock |  Target  | Estimated| Uncertainty|
    +--------+----------+----------+------------+
    |ap_clk  |  10.00 ns|  5.850 ns|     2.70 ns|
    +--------+----------+----------+------------+

+ Latency: 
    * Summary: 
    +---------+---------+----------+----------+-----+-----+---------+
    |  Latency (cycles) |  Latency (absolute) |  Interval | Pipeline|
    |   min   |   max   |    min   |    max   | min | max |   Type  |
    +---------+---------+----------+----------+-----+-----+---------+
    |        ?|        ?|         ?|         ?|    ?|    ?|     none|
    +---------+---------+----------+----------+-----+-----+---------+

    + Detail: 
        * Instance: 
        N/A

        * Loop: 
        +-------------------+---------+---------+----------+-----------+-----------+------+----------+
        |                   |  Latency (cycles) | Iteration|  Initiation Interval  | Trip |          |
        |     Loop Name     |   min   |   max   |  Latency |  achieved |   target  | Count| Pipelined|
        +-------------------+---------+---------+----------+-----------+-----------+------+----------+
        |- VITIS_LOOP_12_1  |       20|       20|         1|          1|          1|    20|       yes|
        |- VITIS_LOOP_99_1  |        ?|        ?|         1|          1|          1|     ?|       yes|
        |- VITIS_LOOP_12_1  |       20|       20|         1|          1|          1|    20|       yes|
        +-------------------+---------+---------+----------+-----------+-----------+------+----------+



================================================================
== Utilization Estimates
================================================================
* Summary: 
+-----------------+---------+-----+--------+-------+-----+
|       Name      | BRAM_18K| DSP |   FF   |  LUT  | URAM|
+-----------------+---------+-----+--------+-------+-----+
|DSP              |        -|    -|       -|      -|    -|
|Expression       |        -|    -|       0|   1793|    -|
|FIFO             |        -|    -|       -|      -|    -|
|Instance         |        -|    -|       -|      -|    -|
|Memory           |        -|    -|       -|      -|    -|
|Multiplexer      |        -|    -|       -|    291|    -|
|Register         |        -|    -|     629|      -|    -|
+-----------------+---------+-----+--------+-------+-----+
|Total            |        0|    0|     629|   2084|    0|
+-----------------+---------+-----+--------+-------+-----+
|Available        |      432|  360|  141120|  70560|    0|
+-----------------+---------+-----+--------+-------+-----+
|Utilization (%)  |        0|    0|      ~0|      2|    0|
+-----------------+---------+-----+--------+-------+-----+

+ Detail: 
    * Instance: 
    N/A

    * DSP: 
    N/A

    * Memory: 
    N/A

    * FIFO: 
    N/A

    * Expression: 
    +------------------------+----------+----+---+-----+------------+------------+
    |      Variable Name     | Operation| DSP| FF| LUT | Bitwidth P0| Bitwidth P1|
    +------------------------+----------+----+---+-----+------------+------------+
    |add_ln101_fu_602_p2     |         +|   0|  0|   39|          32|          32|
    |add_ln11_1_fu_818_p2    |         +|   0|  0|   22|          15|          15|
    |add_ln11_fu_474_p2      |         +|   0|  0|   22|          15|          15|
    |add_ln12_1_fu_713_p2    |         +|   0|  0|   12|           5|           1|
    |add_ln12_fu_369_p2      |         +|   0|  0|   12|           5|           1|
    |add_ln85_fu_903_p2      |         +|   0|  0|   39|          32|           1|
    |addr_fu_697_p2          |         +|   0|  0|   13|           6|           2|
    |hashed_10_fu_754_p2     |         +|   0|  0|   39|          32|          32|
    |hashed_3_fu_398_p2      |         +|   0|  0|   39|          32|          32|
    |hashed_4_fu_410_p2      |         +|   0|  0|   39|          32|          32|
    |hashed_6_fu_812_p2      |         +|   0|  0|   33|          26|          26|
    |hashed_9_fu_742_p2      |         +|   0|  0|   39|          32|          32|
    |hashed_fu_468_p2        |         +|   0|  0|   33|          26|          26|
    |lower_ptr_1_fu_671_p2   |         +|   0|  0|   39|          32|           1|
    |sub_ln101_1_fu_636_p2   |         -|   0|  0|   39|           1|          32|
    |sub_ln101_fu_616_p2     |         -|   0|  0|   39|           1|          32|
    |and_ln121_1_fu_578_p2   |       and|   0|  0|   64|          64|          64|
    |and_ln121_fu_572_p2     |       and|   0|  0|   64|          64|          64|
    |and_ln47_fu_520_p2      |       and|   0|  0|    2|           1|           1|
    |match_fu_584_p2         |       and|   0|  0|   64|          64|          64|
    |icmp_ln124_fu_703_p2    |      icmp|   0|  0|   20|          32|           1|
    |icmp_ln12_1_fu_719_p2   |      icmp|   0|  0|    9|           5|           5|
    |icmp_ln12_fu_375_p2     |      icmp|   0|  0|    9|           5|           5|
    |icmp_ln47_fu_515_p2     |      icmp|   0|  0|   14|          20|          20|
    |icmp_ln79_fu_863_p2     |      icmp|   0|  0|   17|          26|           1|
    |icmp_ln93_fu_590_p2     |      icmp|   0|  0|   29|          64|           1|
    |icmp_ln99_fu_596_p2     |      icmp|   0|  0|   20|          32|          32|
    |lshr_ln13_1_fu_729_p2   |      lshr|   0|  0|  179|          64|          64|
    |lshr_ln13_fu_385_p2     |      lshr|   0|  0|  179|          64|          64|
    |assoc_mem_quarter_0_d0  |        or|   0|  0|   64|          64|          64|
    |assoc_mem_quarter_1_d0  |        or|   0|  0|   64|          64|          64|
    |assoc_mem_quarter_2_d0  |        or|   0|  0|   64|          64|          64|
    |assoc_mem_quarter_3_d0  |        or|   0|  0|   64|          64|          64|
    |lower_ptr_2_fu_685_p3   |    select|   0|  0|   32|           1|          32|
    |ptr_fu_656_p3           |    select|   0|  0|   32|           1|          32|
    |upper_ptr_1_fu_677_p3   |    select|   0|  0|   32|           1|          32|
    |shl_ln80_fu_873_p2      |       shl|   0|  0|  179|           1|          64|
    |hashed_11_fu_774_p2     |       xor|   0|  0|   32|          32|          32|
    |hashed_12_fu_490_p2     |       xor|   0|  0|   15|          15|          15|
    |hashed_13_fu_834_p2     |       xor|   0|  0|   15|          15|          15|
    |hashed_5_fu_430_p2      |       xor|   0|  0|   32|          32|          32|
    +------------------------+----------+----+---+-----+------------+------------+
    |Total                   |          |   0|  0| 1793|        1183|        1208|
    +------------------------+----------+----+---+-----+------------+------------+

    * Multiplexer: 
    +-----------------------------------------------+----+-----------+-----+-----------+
    |                      Name                     | LUT| Input Size| Bits| Total Bits|
    +-----------------------------------------------+----+-----------+-----+-----------+
    |ap_NS_fsm                                      |  65|         13|    1|         13|
    |ap_phi_mux_hit_write_assign_phi_fu_321_p10     |   9|          2|    1|          2|
    |ap_phi_mux_phi_ln158_phi_fu_341_p10            |  14|          3|   32|         96|
    |ap_phi_mux_result_write_assign_phi_fu_302_p10  |   9|          2|   12|         24|
    |ap_return_0                                    |   9|          2|   12|         24|
    |ap_return_1                                    |   9|          2|    1|          2|
    |ap_return_2                                    |   9|          2|   32|         64|
    |assoc_mem_quarter_0_address0                   |  14|          3|    5|         15|
    |assoc_mem_quarter_1_address0                   |  14|          3|    5|         15|
    |assoc_mem_quarter_2_address0                   |  14|          3|    5|         15|
    |assoc_mem_quarter_3_address0                   |  14|          3|    5|         15|
    |assoc_mem_value_address0                       |  14|          3|    6|         18|
    |hash_table_address0                            |  20|          4|   15|         60|
    |hashed_2_reg_241                               |   9|          2|   32|         64|
    |hashed_8_reg_287                               |   9|          2|   32|         64|
    |i_1_reg_276                                    |   9|          2|    5|         10|
    |i_reg_230                                      |   9|          2|    5|         10|
    |lower_ptr_reg_265                              |   9|          2|   32|         64|
    |phi_ln158_reg_338                              |   9|          2|   32|         64|
    |result_write_assign_reg_299                    |  14|          3|   12|         36|
    |upper_ptr_reg_253                              |   9|          2|   32|         64|
    +-----------------------------------------------+----+-----------+-----+-----------+
    |Total                                          | 291|         62|  314|        739|
    +-----------------------------------------------+----+-----------+-----+-----------+

    * Register: 
    +-----------------------------------+----+----+-----+-----------+
    |                Name               | FF | LUT| Bits| Const Bits|
    +-----------------------------------+----+----+-----+-----------+
    |addr_reg_1057                      |   6|   0|    6|          0|
    |and_ln47_reg_991                   |   1|   0|    1|          0|
    |ap_CS_fsm                          |  12|   0|   12|          0|
    |ap_return_0_preg                   |  12|   0|   32|         20|
    |ap_return_1_preg                   |   1|   0|    1|          0|
    |ap_return_2_preg                   |  32|   0|   32|          0|
    |assoc_mem_quarter_0_addr_reg_995   |   5|   0|    5|          0|
    |assoc_mem_quarter_1_addr_reg_1000  |   5|   0|    5|          0|
    |assoc_mem_quarter_2_addr_reg_1005  |   5|   0|    5|          0|
    |assoc_mem_quarter_3_addr_reg_1010  |   5|   0|    5|          0|
    |hash_table_addr_1_reg_1089         |  15|   0|   15|          0|
    |hashed_2_reg_241                   |  32|   0|   32|          0|
    |hashed_8_reg_287                   |  32|   0|   32|          0|
    |hit_write_assign_reg_317           |   1|   0|    1|          0|
    |i_1_reg_276                        |   5|   0|    5|          0|
    |i_reg_230                          |   5|   0|    5|          0|
    |icmp_ln124_reg_1062                |   1|   0|    1|          0|
    |icmp_ln93_reg_1040                 |   1|   0|    1|          0|
    |key_quarter_0_reg_957              |   5|   0|    5|          0|
    |lower_ptr_reg_265                  |  32|   0|   32|          0|
    |match_quarter_0_reg_1015           |  64|   0|   64|          0|
    |match_quarter_1_reg_1020           |  64|   0|   64|          0|
    |match_quarter_2_reg_1025           |  64|   0|   64|          0|
    |match_quarter_3_reg_1030           |  64|   0|   64|          0|
    |match_reg_1035                     |  64|   0|   64|          0|
    |phi_ln158_reg_338                  |  32|   0|   32|          0|
    |result_write_assign_reg_299        |  12|   0|   12|          0|
    |upper_ptr_reg_253                  |  32|   0|   32|          0|
    |zext_ln10_reg_962                  |  20|   0|   64|         44|
    +-----------------------------------+----+----+-----+-----------+
    |Total                              | 629|   0|  693|         64|
    +-----------------------------------+----+----+-----+-----------+



================================================================
== Interface
================================================================
* Summary: 
+------------------------------+-----+-----+------------+---------------------+--------------+
|           RTL Ports          | Dir | Bits|  Protocol  |    Source Object    |    C Type    |
+------------------------------+-----+-----+------------+---------------------+--------------+
|ap_clk                        |   in|    1|  ap_ctrl_hs|    lookup_and_insert|  return value|
|ap_rst                        |   in|    1|  ap_ctrl_hs|    lookup_and_insert|  return value|
|ap_start                      |   in|    1|  ap_ctrl_hs|    lookup_and_insert|  return value|
|ap_done                       |  out|    1|  ap_ctrl_hs|    lookup_and_insert|  return value|
|ap_idle                       |  out|    1|  ap_ctrl_hs|    lookup_and_insert|  return value|
|ap_ready                      |  out|    1|  ap_ctrl_hs|    lookup_and_insert|  return value|
|ap_return_0                   |  out|   32|  ap_ctrl_hs|    lookup_and_insert|  return value|
|ap_return_1                   |  out|    1|  ap_ctrl_hs|    lookup_and_insert|  return value|
|ap_return_2                   |  out|   32|  ap_ctrl_hs|    lookup_and_insert|  return value|
|hash_table_address0           |  out|   15|   ap_memory|           hash_table|         array|
|hash_table_ce0                |  out|    1|   ap_memory|           hash_table|         array|
|hash_table_we0                |  out|    1|   ap_memory|           hash_table|         array|
|hash_table_d0                 |  out|   33|   ap_memory|           hash_table|         array|
|hash_table_q0                 |   in|   33|   ap_memory|           hash_table|         array|
|assoc_mem_quarter_0_address0  |  out|    5|   ap_memory|  assoc_mem_quarter_0|         array|
|assoc_mem_quarter_0_ce0       |  out|    1|   ap_memory|  assoc_mem_quarter_0|         array|
|assoc_mem_quarter_0_we0       |  out|    1|   ap_memory|  assoc_mem_quarter_0|         array|
|assoc_mem_quarter_0_d0        |  out|   64|   ap_memory|  assoc_mem_quarter_0|         array|
|assoc_mem_quarter_0_q0        |   in|   64|   ap_memory|  assoc_mem_quarter_0|         array|
|assoc_mem_quarter_1_address0  |  out|    5|   ap_memory|  assoc_mem_quarter_1|         array|
|assoc_mem_quarter_1_ce0       |  out|    1|   ap_memory|  assoc_mem_quarter_1|         array|
|assoc_mem_quarter_1_we0       |  out|    1|   ap_memory|  assoc_mem_quarter_1|         array|
|assoc_mem_quarter_1_d0        |  out|   64|   ap_memory|  assoc_mem_quarter_1|         array|
|assoc_mem_quarter_1_q0        |   in|   64|   ap_memory|  assoc_mem_quarter_1|         array|
|assoc_mem_quarter_2_address0  |  out|    5|   ap_memory|  assoc_mem_quarter_2|         array|
|assoc_mem_quarter_2_ce0       |  out|    1|   ap_memory|  assoc_mem_quarter_2|         array|
|assoc_mem_quarter_2_we0       |  out|    1|   ap_memory|  assoc_mem_quarter_2|         array|
|assoc_mem_quarter_2_d0        |  out|   64|   ap_memory|  assoc_mem_quarter_2|         array|
|assoc_mem_quarter_2_q0        |   in|   64|   ap_memory|  assoc_mem_quarter_2|         array|
|assoc_mem_quarter_3_address0  |  out|    5|   ap_memory|  assoc_mem_quarter_3|         array|
|assoc_mem_quarter_3_ce0       |  out|    1|   ap_memory|  assoc_mem_quarter_3|         array|
|assoc_mem_quarter_3_we0       |  out|    1|   ap_memory|  assoc_mem_quarter_3|         array|
|assoc_mem_quarter_3_d0        |  out|   64|   ap_memory|  assoc_mem_quarter_3|         array|
|assoc_mem_quarter_3_q0        |   in|   64|   ap_memory|  assoc_mem_quarter_3|         array|
|assoc_mem_value_address0      |  out|    6|   ap_memory|      assoc_mem_value|         array|
|assoc_mem_value_ce0           |  out|    1|   ap_memory|      assoc_mem_value|         array|
|assoc_mem_value_we0           |  out|    1|   ap_memory|      assoc_mem_value|         array|
|assoc_mem_value_d0            |  out|   12|   ap_memory|      assoc_mem_value|         array|
|assoc_mem_value_q0            |   in|   12|   ap_memory|      assoc_mem_value|         array|
|assoc_mem_fill_read           |   in|   32|     ap_none|  assoc_mem_fill_read|        scalar|
|key                           |   in|   20|     ap_none|                  key|        scalar|
|nextCode                      |   in|   12|     ap_none|             nextCode|        scalar|
+------------------------------+-----+-----+------------+---------------------+--------------+

