Copyright 1986-2020 Xilinx, Inc. All Rights Reserved.
---------------------------------------------------------------------------------------------------------------------------------------------------------------------------------
| Tool Version : Vivado v.2020.2 (lin64) Build 3064766 Wed Nov 18 09:12:47 MST 2020
| Date         : Thu Oct 17 18:35:28 2024
| Host         : kodak.seas.upenn.edu running 64-bit openSUSE Leap 15.6
| Command      : report_accelerator_utilization -kernels { mmult_fpga:u96v2_sbc_base_i/mmult_fpga_1/U0:mmult_fpga_1} -file kernel_util_routed.rpt -name kernel_util_routed -json
| Design       : u96v2_sbc_base_wrapper
| Device       : xczu3eg
| Design State : Routed
---------------------------------------------------------------------------------------------------------------------------------------------------------------------------------

Accelerator Utilization Design Information

Table of Contents
-----------------
1. System Utilization

1. System Utilization
---------------------

+---------------------+-----------------+-----------------+------------------+---------------+---------------+
| Name                | LUT             | LUTAsMem        | REG              | BRAM          | DSP           |
+---------------------+-----------------+-----------------+------------------+---------------+---------------+
| Platform            | 15895 [ 22.53%] |  1097 [  3.81%] |  17681 [ 12.53%] |   4 [  1.85%] |   0 [  0.00%] |
| User Budget         | 54665 [100.00%] | 27703 [100.00%] | 123439 [100.00%] | 212 [100.00%] | 360 [100.00%] |
|    Used Resources   | 15867 [ 29.03%] |  2429 [  8.77%] |  33795 [ 27.38%] |  23 [ 10.85%] | 160 [ 44.44%] |
|    Unused Resources | 38798 [ 70.97%] | 25274 [ 91.23%] |  89644 [ 72.62%] | 189 [ 89.15%] | 200 [ 55.56%] |
| mmult_fpga          | 15867 [ 29.03%] |  2429 [  8.77%] |  33795 [ 27.38%] |  23 [ 10.85%] | 160 [ 44.44%] |
|    mmult_fpga_1     | 15867 [ 29.03%] |  2429 [  8.77%] |  33795 [ 27.38%] |  23 [ 10.85%] | 160 [ 44.44%] |
+---------------------+-----------------+-----------------+------------------+---------------+---------------+


