

================================================================
== Synthesis Summary Report of 'Filter_HW'
================================================================
+ General Information: 
    * Date:           Sat Oct 26 14:47:41 2024
    * Version:        2020.2 (Build 3064766 on Wed Nov 18 09:12:47 MST 2020)
    * Project:        hw7
    * Solution:       solution_Filter_streaming (Vitis Kernel Flow Target)
    * Product family: zynquplus
    * Target device:  xczu3eg-sbva484-1-i
    

+ Performance & Resource Estimates: 
    
    PS: '+' for module; 'o' for loop; '*' for dataflow
    +----------------------+--------+-------+---------+-----------+----------+---------+------+----------+----------+---------+-----------+-----------+-----+
    |        Modules       |  Issue |       | Latency |  Latency  | Iteration|         | Trip |          |          |         |           |           |     |
    |        & Loops       |  Type  | Slack | (cycles)|    (ns)   |  Latency | Interval| Count| Pipelined|   BRAM   |   DSP   |     FF    |    LUT    | URAM|
    +----------------------+--------+-------+---------+-----------+----------+---------+------+----------+----------+---------+-----------+-----------+-----+
    |+ Filter_HW           |  Timing|   0.00|   336746|  2.245e+06|         -|   336747|     -|        no|  66 (15%)|  3 (~0%)|  2505 (1%)|  3808 (5%)|    -|
    | o VITIS_LOOP_39_2    |       -|  -4.87|   170370|  1.136e+06|       631|        -|   270|        no|         -|        -|          -|          -|    -|
    |  o VITIS_LOOP_41_3   |       -|  -4.87|        8|     53.336|         3|        1|     6|       yes|         -|        -|          -|          -|    -|
    |  o VITIS_LOOP_46_4   |       -|  -4.87|      548|  3.654e+03|        76|        1|   474|       yes|         -|        -|          -|          -|    -|
    | o VITIS_LOOP_152_2   |       -|  -4.87|   166374|  1.109e+06|       351|        -|   474|        no|         -|        -|          -|          -|    -|
    |  o VITIS_LOOP_154_3  |       -|  -4.87|       10|     66.670|         5|        1|     6|       yes|         -|        -|          -|          -|    -|
    |  o VITIS_LOOP_158_4  |       -|  -4.87|      336|  2.240e+03|        74|        1|   264|       yes|         -|        -|          -|          -|    -|
    +----------------------+--------+-------+---------+-----------+----------+---------+------+----------+----------+---------+-----------+-----------+-----+

